{
  "en": {
    "about_us": "About us",
    "contact_us": "Contact us",
    "work_with_us": "Work with us",
    "services": "Our services",
    "welcome": "Welcome to our website!",
    "home": "Home",
    "products": "Our Products",
    "team": "Meet Our Team",
    "careers": "Careers",
    "blog": "Read Our Blog",
    "shop": "Go Shopping",
    "feedback": "Give Feedback",
    "support": "Customer Support",
    "faq": "FAQ",
    "newsletter": "Subscribe to Our Newsletter"
  },
  "fr": {
    "about_us": "À propos de nous",
    "contact_us": "Contactez-nous",
    "work_with_us": "Travailler avec nous",
    "services": "Nos services",
    "welcome": "Bienvenue sur notre site Web!",
    "home": "Accueil",
    "products": "Nos Produits",
    "team": "Rencontrez Notre Équipe",
    "careers": "Carrières",
    "blog": "Lisez Notre Blog",
    "shop": "Faire du Shopping",
    "feedback": "Donnez Votre Avis",
    "support": "Service Client",
    "faq": "FAQ",
    "newsletter": "Abonnez-vous à Notre Bulletin"
  },
  "it": {
    "about_us": "Riguardo a noi",
    "contact_us": "Contattaci",
    "work_with_us": "Lavora con noi",
    "services": "I nostri servizi",
    "welcome": "Benvenuto nel nostro sito Web!",
    "home": "Casa",
    "products": "I Nostri Prodotti",
    "team": "Incontra il Nostro Team",
    "careers": "Carriere",
    "blog": "Leggi il Nostro Blog",
    "shop": "Vai a Fare Shopping",
    "feedback": "Dai un Feedback",
    "support": "Supporto Clienti",
    "faq": "Domande Frequenti",
    "newsletter": "Iscriviti alla Nostra Newsletter"
  },
  "de": {
    "about_us": "Über uns",
    "contact_us": "Kontaktiere uns",
    "work_with_us": "Arbeite mit uns",
    "services": "Unsere Dienstleistungen",
    "welcome": "Willkommen auf unserer Website!",
    "home": "Zuhause",
    "products": "Unsere Produkte",
    "team": "Treffen Sie Unser Team",
    "careers": "Karriere",
    "blog": "Lies Unseren Blog",
    "shop": "Einkaufen Gehen",
    "feedback": "Geben Sie Feedback",
    "support": "Kundendienst",
    "faq": "FAQ",
    "newsletter": "Abonnieren Sie Unseren Newsletter"
  },
  "es": {
    "about_us": "Acerca de nosotros",
    "contact_us": "Contáctanos",
    "work_with_us": "Trabaja con nosotros",
    "services": "Nuestros servicios",
    "welcome": "¡Bienvenido a nuestro sitio web!",
    "home": "Casa",
    "products": "Nuestros Productos",
    "team": "Conoce a Nuestro Equipo",
    "careers": "Carreras",
    "blog": "Lee Nuestro Blog",
    "shop": "Ir de Compras",
    "feedback": "Dar Retroalimentación",
    "support": "Atención al Cliente",
    "faq": "Preguntas Frecuentes",
    "newsletter": "Suscribirse a Nuestro Boletín"
  }
}